// Jest Snapshot v1, https://goo.gl/fbAQLP

exports[`Section does not render items 1`] = `
<Section>
  <div
    className="u-clearfix"
  />
</Section>
`;

exports[`Section should render items 1`] = `
<Section>
  <div
    className="u-clearfix"
  />
</Section>
`;
